// Jest Snapshot v1, https://goo.gl/fbAQLP

exports[`App renders as expected 1`] = `
<Provider
  store={
    Object {
      "dispatch": [Function],
      "getState": [Function],
      "replaceReducer": [Function],
      "subscribe": [Function],
      Symbol(observable): [Function],
    }
  }
>
  <Connect(ConnectedRouter)
    history={
      Object {
        "action": "POP",
        "block": [Function],
        "createHref": [Function],
        "go": [Function],
        "goBack": [Function],
        "goForward": [Function],
        "length": 1,
        "listen": [Function],
        "location": Object {
          "hash": "",
          "pathname": "/",
          "search": "",
          "state": undefined,
        },
        "push": [Function],
        "replace": [Function],
      }
    }
  >
    <div
      className="App"
    >
      <header
        className="App-header"
      >
        <img
          alt="logo"
          className="App-logo"
        />
        <h1
          className="App-title"
        >
          Welcome to React
        </h1>
      </header>
      <p
        className="App-intro"
      >
        To get started, edit 
        <code>
          src/App.tsx
        </code>
         and save to reload.
      </p>
      <Switch>
        <Route
          component={[Function]}
          exact={true}
          path="/"
        />
        <Route
          component={[Function]}
        />
      </Switch>
    </div>
  </Connect(ConnectedRouter)>
</Provider>
`;
